[   13151ms] [INFO] %cDownload the React DevTools for a better development experience: https://react.dev/link/react-devtools font-weight:bold @ http://localhost:3000/_next/static/chunks/1-hf_next_dist_0rj6-9x._.js:776
[   13179ms] [LOG] [HMR] connected @ http://localhost:3000/_next/static/chunks/1-hf_next_dist_0rj6-9x._.js:776
[  201325ms] [LOG] [Fast Refresh] rebuilding @ http://localhost:3000/_next/static/chunks/1-hf_next_dist_0rj6-9x._.js:776
[  201519ms] [LOG] [Fast Refresh] done in 187ms @ http://localhost:3000/_next/static/chunks/1-hf_next_dist_0rj6-9x._.js:776
[  205797ms] [LOG] [Fast Refresh] rebuilding @ http://localhost:3000/_next/static/chunks/1-hf_next_dist_0rj6-9x._.js:776
[  205865ms] [LOG] [Fast Refresh] done in 80ms @ http://localhost:3000/_next/static/chunks/1-hf_next_dist_0rj6-9x._.js:776
[  212547ms] [LOG] [Fast Refresh] rebuilding @ http://localhost:3000/_next/static/chunks/1-hf_next_dist_0rj6-9x._.js:776
[  212703ms] [LOG] [Fast Refresh] done in 231ms @ http://localhost:3000/_next/static/chunks/1-hf_next_dist_0rj6-9x._.js:776
[  212789ms] [LOG] [Fast Refresh] done in 231ms @ http://localhost:3000/_next/static/chunks/1-hf_next_dist_0rj6-9x._.js:776
[  212858ms] [LOG] [Fast Refresh] done in 231ms @ http://localhost:3000/_next/static/chunks/1-hf_next_dist_0rj6-9x._.js:776
[  797806ms] [LOG] [Fast Refresh] rebuilding @ http://localhost:3000/_next/static/chunks/1-hf_next_dist_0rj6-9x._.js:776
[  797932ms] [LOG] [Fast Refresh] done in 241ms @ http://localhost:3000/_next/static/chunks/1-hf_next_dist_0rj6-9x._.js:776
[  920409ms] [LOG] [Fast Refresh] rebuilding @ http://localhost:3000/_next/static/chunks/1-hf_next_dist_0rj6-9x._.js:776
[  920661ms] [LOG] [Fast Refresh] done in 287ms @ http://localhost:3000/_next/static/chunks/1-hf_next_dist_0rj6-9x._.js:776
[  920772ms] [LOG] [Fast Refresh] done in 287ms @ http://localhost:3000/_next/static/chunks/1-hf_next_dist_0rj6-9x._.js:776
[  925267ms] [LOG] [Fast Refresh] rebuilding @ http://localhost:3000/_next/static/chunks/1-hf_next_dist_0rj6-9x._.js:776
[  925357ms] [LOG] [Fast Refresh] done in 191ms @ http://localhost:3000/_next/static/chunks/1-hf_next_dist_0rj6-9x._.js:776
[  931109ms] [LOG] [Fast Refresh] rebuilding @ http://localhost:3000/_next/static/chunks/1-hf_next_dist_0rj6-9x._.js:776
[  931163ms] [LOG] [Fast Refresh] done in 104ms @ http://localhost:3000/_next/static/chunks/1-hf_next_dist_0rj6-9x._.js:776
[  931273ms] [LOG] [Fast Refresh] done in 104ms @ http://localhost:3000/_next/static/chunks/1-hf_next_dist_0rj6-9x._.js:776
[  940249ms] [LOG] [Fast Refresh] rebuilding @ http://localhost:3000/_next/static/chunks/1-hf_next_dist_0rj6-9x._.js:776
[  940300ms] [LOG] [Fast Refresh] done in 60ms @ http://localhost:3000/_next/static/chunks/1-hf_next_dist_0rj6-9x._.js:776
[  940513ms] [LOG] [Fast Refresh] done in 60ms @ http://localhost:3000/_next/static/chunks/1-hf_next_dist_0rj6-9x._.js:776
[  944377ms] [LOG] [Fast Refresh] rebuilding @ http://localhost:3000/_next/static/chunks/1-hf_next_dist_0rj6-9x._.js:776
[  944440ms] [LOG] [Fast Refresh] done in 51ms @ http://localhost:3000/_next/static/chunks/1-hf_next_dist_0rj6-9x._.js:776
[  944544ms] [LOG] [Fast Refresh] done in 51ms @ http://localhost:3000/_next/static/chunks/1-hf_next_dist_0rj6-9x._.js:776
[  949668ms] [LOG] [Fast Refresh] rebuilding @ http://localhost:3000/_next/static/chunks/1-hf_next_dist_0rj6-9x._.js:776
[  949709ms] [LOG] [Fast Refresh] done in 115ms @ http://localhost:3000/_next/static/chunks/1-hf_next_dist_0rj6-9x._.js:776
[  949834ms] [LOG] [Fast Refresh] done in 115ms @ http://localhost:3000/_next/static/chunks/1-hf_next_dist_0rj6-9x._.js:776
[  956199ms] [LOG] [Fast Refresh] rebuilding @ http://localhost:3000/_next/static/chunks/1-hf_next_dist_0rj6-9x._.js:776
[  956304ms] [LOG] [Fast Refresh] done in 137ms @ http://localhost:3000/_next/static/chunks/1-hf_next_dist_0rj6-9x._.js:776
[  961631ms] [LOG] [Fast Refresh] rebuilding @ http://localhost:3000/_next/static/chunks/1-hf_next_dist_0rj6-9x._.js:776
[  961678ms] [LOG] [Fast Refresh] done in 144ms @ http://localhost:3000/_next/static/chunks/1-hf_next_dist_0rj6-9x._.js:776
[  961708ms] [LOG] [Fast Refresh] done in 144ms @ http://localhost:3000/_next/static/chunks/1-hf_next_dist_0rj6-9x._.js:776
[  961834ms] [LOG] [Fast Refresh] done in 144ms @ http://localhost:3000/_next/static/chunks/1-hf_next_dist_0rj6-9x._.js:776
[  961930ms] [LOG] [Fast Refresh] done in 144ms @ http://localhost:3000/_next/static/chunks/1-hf_next_dist_0rj6-9x._.js:776
[  965139ms] [LOG] [Fast Refresh] rebuilding @ http://localhost:3000/_next/static/chunks/1-hf_next_dist_0rj6-9x._.js:776
[  965207ms] [LOG] [Fast Refresh] done in 72ms @ http://localhost:3000/_next/static/chunks/1-hf_next_dist_0rj6-9x._.js:776
[  977043ms] [LOG] [Fast Refresh] rebuilding @ http://localhost:3000/_next/static/chunks/1-hf_next_dist_0rj6-9x._.js:776
[  977151ms] [LOG] [Fast Refresh] done in 195ms @ http://localhost:3000/_next/static/chunks/1-hf_next_dist_0rj6-9x._.js:776
[ 1270427ms] [LOG] [Fast Refresh] rebuilding @ http://localhost:3000/_next/static/chunks/1-hf_next_dist_0rj6-9x._.js:776
[ 1270611ms] [LOG] [Fast Refresh] done in 276ms @ http://localhost:3000/_next/static/chunks/1-hf_next_dist_0rj6-9x._.js:776
[ 1322986ms] [LOG] [Fast Refresh] done in 276ms @ http://localhost:3000/_next/static/chunks/1-hf_next_dist_0rj6-9x._.js:776
[ 1323255ms] [LOG] [Fast Refresh] done in 276ms @ http://localhost:3000/_next/static/chunks/1-hf_next_dist_0rj6-9x._.js:776
[ 1594256ms] [LOG] [Fast Refresh] done in 276ms @ http://localhost:3000/_next/static/chunks/1-hf_next_dist_0rj6-9x._.js:776
[ 1594632ms] [LOG] [Fast Refresh] done in 276ms @ http://localhost:3000/_next/static/chunks/1-hf_next_dist_0rj6-9x._.js:776
[ 1603551ms] [LOG] [Fast Refresh] done in 276ms @ http://localhost:3000/_next/static/chunks/1-hf_next_dist_0rj6-9x._.js:776
[ 1603731ms] [LOG] [Fast Refresh] done in 276ms @ http://localhost:3000/_next/static/chunks/1-hf_next_dist_0rj6-9x._.js:776
[ 1607301ms] [LOG] [Fast Refresh] rebuilding @ http://localhost:3000/_next/static/chunks/1-hf_next_dist_0rj6-9x._.js:776
[ 1607454ms] [WARNING] [Fast Refresh] performing full reload

Fast Refresh will perform a full reload when you edit a file that's imported by modules outside of the React rendering tree.
You might have a file which exports a React component but also exports a value that is imported by a non-React component file.
Consider migrating the non-React component export to a separate file and importing it into both files.

It is also possible the parent component of the component you edited is a class component, which disables Fast Refresh.
Fast Refresh requires at least one parent function component in your React tree. @ http://localhost:3000/_next/static/chunks/1-hf_next_dist_0rj6-9x._.js:776
[ 1607534ms] [LOG] [Fast Refresh] done in 283ms @ http://localhost:3000/_next/static/chunks/1-hf_next_dist_0rj6-9x._.js:776
[ 1607853ms] [LOG] [Fast Refresh] rebuilding @ http://localhost:3000/_next/static/chunks/1-hf_next_dist_0rj6-9x._.js:776
[ 1608014ms] [LOG] [Fast Refresh] done in 271ms @ http://localhost:3000/_next/static/chunks/1-hf_next_dist_0rj6-9x._.js:776
[ 1609077ms] [INFO] %cDownload the React DevTools for a better development experience: https://react.dev/link/react-devtools font-weight:bold @ http://localhost:3000/_next/static/chunks/1-hf_next_dist_0rj6-9x._.js:776
[ 1609122ms] [LOG] [HMR] connected @ http://localhost:3000/_next/static/chunks/1-hf_next_dist_0rj6-9x._.js:776
[ 1613904ms] [LOG] [Fast Refresh] rebuilding @ http://localhost:3000/_next/static/chunks/1-hf_next_dist_0rj6-9x._.js:776
[ 1614076ms] [LOG] [Fast Refresh] done in 281ms @ http://localhost:3000/_next/static/chunks/1-hf_next_dist_0rj6-9x._.js:776
[ 1631820ms] [LOG] [Fast Refresh] rebuilding @ http://localhost:3000/_next/static/chunks/1-hf_next_dist_0rj6-9x._.js:776
[ 1631897ms] [LOG] [Fast Refresh] done in 145ms @ http://localhost:3000/_next/static/chunks/1-hf_next_dist_0rj6-9x._.js:776
[ 1636923ms] [LOG] [Fast Refresh] rebuilding @ http://localhost:3000/_next/static/chunks/1-hf_next_dist_0rj6-9x._.js:776
[ 1637090ms] [LOG] [Fast Refresh] done in 160ms @ http://localhost:3000/_next/static/chunks/1-hf_next_dist_0rj6-9x._.js:776
[ 1637092ms] [LOG] [Fast Refresh] done in 160ms @ http://localhost:3000/_next/static/chunks/1-hf_next_dist_0rj6-9x._.js:776
[ 1637093ms] [LOG] [Fast Refresh] done in 160ms @ http://localhost:3000/_next/static/chunks/1-hf_next_dist_0rj6-9x._.js:776
[ 1640411ms] [LOG] [Fast Refresh] rebuilding @ http://localhost:3000/_next/static/chunks/1-hf_next_dist_0rj6-9x._.js:776
[ 1640591ms] [LOG] [Fast Refresh] done in 275ms @ http://localhost:3000/_next/static/chunks/1-hf_next_dist_0rj6-9x._.js:776
[ 1640629ms] [LOG] [Fast Refresh] done in 275ms @ http://localhost:3000/_next/static/chunks/1-hf_next_dist_0rj6-9x._.js:776
[ 1640724ms] [LOG] [Fast Refresh] done in 275ms @ http://localhost:3000/_next/static/chunks/1-hf_next_dist_0rj6-9x._.js:776
[ 1649774ms] [LOG] [Fast Refresh] rebuilding @ http://localhost:3000/_next/static/chunks/1-hf_next_dist_0rj6-9x._.js:776
[ 1649804ms] [LOG] [Fast Refresh] done in 103ms @ http://localhost:3000/_next/static/chunks/1-hf_next_dist_0rj6-9x._.js:776
[ 1649854ms] [LOG] [Fast Refresh] done in 103ms @ http://localhost:3000/_next/static/chunks/1-hf_next_dist_0rj6-9x._.js:776
[ 1649983ms] [LOG] [Fast Refresh] done in 103ms @ http://localhost:3000/_next/static/chunks/1-hf_next_dist_0rj6-9x._.js:776
[ 1653608ms] [LOG] [Fast Refresh] rebuilding @ http://localhost:3000/_next/static/chunks/1-hf_next_dist_0rj6-9x._.js:776
[ 1653669ms] [LOG] [Fast Refresh] done in 99ms @ http://localhost:3000/_next/static/chunks/1-hf_next_dist_0rj6-9x._.js:776
[ 1657855ms] [LOG] [Fast Refresh] rebuilding @ http://localhost:3000/_next/static/chunks/1-hf_next_dist_0rj6-9x._.js:776
[ 1658140ms] [LOG] [Fast Refresh] done in 347ms @ http://localhost:3000/_next/static/chunks/1-hf_next_dist_0rj6-9x._.js:776
[ 1658189ms] [LOG] [Fast Refresh] done in 347ms @ http://localhost:3000/_next/static/chunks/1-hf_next_dist_0rj6-9x._.js:776
[ 1658210ms] [LOG] [Fast Refresh] done in 347ms @ http://localhost:3000/_next/static/chunks/1-hf_next_dist_0rj6-9x._.js:776
[ 1658237ms] [LOG] [Fast Refresh] done in 347ms @ http://localhost:3000/_next/static/chunks/1-hf_next_dist_0rj6-9x._.js:776
[ 1691924ms] [LOG] [Fast Refresh] rebuilding @ http://localhost:3000/_next/static/chunks/1-hf_next_dist_0rj6-9x._.js:776
[ 1692235ms] [LOG] [Fast Refresh] done in 412ms @ http://localhost:3000/_next/static/chunks/1-hf_next_dist_0rj6-9x._.js:776
[ 1725319ms] [LOG] [Fast Refresh] rebuilding @ http://localhost:3000/_next/static/chunks/1-hf_next_dist_0rj6-9x._.js:776
[ 1725531ms] [ERROR] ./app/admin/page.tsx:1047:5
Error: Expected ',', got '{'
  1045 |     </div>
  1046 |
> 1047 |     {/* ── 상품 편집 모달 ── */}
       |     ^
  1048 |     {prodModal.open && (
  1049 |       <div className="fixed inset-0 z-[10001] flex items-center justify-center bg-black/...
  1050 |         <div className="bg-white rounded-2xl shadow-2xl w-full max-w-2xl max-h-[90vh] ov...

Parsing ecmascript source code failed

Import traces:
  Client Component Browser:
    ./app/admin/page.tsx [Client Component Browser]
    ./app/admin/page.tsx [Server Component]

  Client Component SSR:
    ./app/admin/page.tsx [Client Component SSR]
    ./app/admin/page.tsx [Server Component] @ http://localhost:3000/_next/static/chunks/1-hf_next_dist_0rj6-9x._.js:1052
[ 1739385ms] [ERROR] ./app/admin/page.tsx:1047:5
Error: Expected ',', got '{'
  1045 |     </div>
  1046 |
> 1047 |     {/* ── 상품 편집 모달 ── */}
       |     ^
  1048 |     {prodModal.open && (
  1049 |       <div className="fixed inset-0 z-[10001] flex items-center justify-center bg-black/...
  1050 |         <div className="bg-white rounded-2xl shadow-2xl w-full max-w-2xl max-h-[90vh] ov...

Parsing ecmascript source code failed

Import traces:
  Client Component Browser:
    ./app/admin/page.tsx [Client Component Browser]
    ./app/admin/page.tsx [Server Component]

  Client Component SSR:
    ./app/admin/page.tsx [Client Component SSR]
    ./app/admin/page.tsx [Server Component] @ http://localhost:3000/_next/static/chunks/1-hf_next_dist_0rj6-9x._.js:1052
[ 1739413ms] [LOG] [Fast Refresh] rebuilding @ http://localhost:3000/_next/static/chunks/1-hf_next_dist_0rj6-9x._.js:776
[ 1752481ms] [LOG] [Fast Refresh] rebuilding @ http://localhost:3000/_next/static/chunks/1-hf_next_dist_0rj6-9x._.js:776
[ 1752483ms] [ERROR] ./app/admin/page.tsx:1047:5
Error: Expected ',', got '{'
  1045 |     </div>
  1046 |
> 1047 |     {/* ── 상품 편집 모달 ── */}
       |     ^
  1048 |     {prodModal.open && (
  1049 |       <div className="fixed inset-0 z-[10001] flex items-center justify-center bg-black/...
  1050 |         <div className="bg-white rounded-2xl shadow-2xl w-full max-w-2xl max-h-[90vh] ov...

Parsing ecmascript source code failed

Import traces:
  Client Component Browser:
    ./app/admin/page.tsx [Client Component Browser]
    ./app/admin/page.tsx [Server Component]

  Client Component SSR:
    ./app/admin/page.tsx [Client Component SSR]
    ./app/admin/page.tsx [Server Component] @ http://localhost:3000/_next/static/chunks/1-hf_next_dist_0rj6-9x._.js:1052
[ 1785059ms] [LOG] [Fast Refresh] rebuilding @ http://localhost:3000/_next/static/chunks/1-hf_next_dist_0rj6-9x._.js:776
[ 1785229ms] [ERROR] ./app/admin/page.tsx:1047:5
Error: Expected ',', got '{'
  1045 |     </div>
  1046 |
> 1047 |     {/* ── 상품 편집 모달 ── */}
       |     ^
  1048 |     {prodModal.open && (
  1049 |       <div className="fixed inset-0 z-[10001] flex items-center justify-center bg-black/...
  1050 |         <div className="bg-white rounded-2xl shadow-2xl w-full max-w-2xl max-h-[90vh] ov...

Parsing ecmascript source code failed

Import traces:
  Client Component Browser:
    ./app/admin/page.tsx [Client Component Browser]
    ./app/admin/page.tsx [Server Component]

  Client Component SSR:
    ./app/admin/page.tsx [Client Component SSR]
    ./app/admin/page.tsx [Server Component] @ http://localhost:3000/_next/static/chunks/1-hf_next_dist_0rj6-9x._.js:1052
[ 1795432ms] [ERROR] ./app/admin/page.tsx:1047:5
Error: Expected ',', got '{'
  1045 |     </div>
  1046 |
> 1047 |     {/* ── 상품 편집 모달 ── */}
       |     ^
  1048 |     {prodModal.open && (
  1049 |       <div className="fixed inset-0 z-[10001] flex items-center justify-center bg-black/...
  1050 |         <div className="bg-white rounded-2xl shadow-2xl w-full max-w-2xl max-h-[90vh] ov...

Parsing ecmascript source code failed

Import traces:
  Client Component Browser:
    ./app/admin/page.tsx [Client Component Browser]
    ./app/admin/page.tsx [Server Component]

  Client Component SSR:
    ./app/admin/page.tsx [Client Component SSR]
    ./app/admin/page.tsx [Server Component] @ http://localhost:3000/_next/static/chunks/1-hf_next_dist_0rj6-9x._.js:1052
[ 1795535ms] [ERROR] ./app/admin/page.tsx:1047:5
Error: Expected ',', got '{'
  1045 |     </div>
  1046 |
> 1047 |     {/* ── 상품 편집 모달 ── */}
       |     ^
  1048 |     {prodModal.open && (
  1049 |       <div className="fixed inset-0 z-[10001] flex items-center justify-center bg-black/...
  1050 |         <div className="bg-white rounded-2xl shadow-2xl w-full max-w-2xl max-h-[90vh] ov...

Parsing ecmascript source code failed

Import traces:
  Client Component Browser:
    ./app/admin/page.tsx [Client Component Browser]
    ./app/admin/page.tsx [Server Component]

  Client Component SSR:
    ./app/admin/page.tsx [Client Component SSR]
    ./app/admin/page.tsx [Server Component] @ http://localhost:3000/_next/static/chunks/1-hf_next_dist_0rj6-9x._.js:1052
[ 1795646ms] [LOG] [Fast Refresh] rebuilding @ http://localhost:3000/_next/static/chunks/1-hf_next_dist_0rj6-9x._.js:776
[ 1795980ms] [ERROR] ./app/admin/page.tsx:1047:5
Error: Expected ',', got '{'
  1045 |     </div>
  1046 |
> 1047 |     {/* ── 상품 편집 모달 ── */}
       |     ^
  1048 |     {prodModal.open && (
  1049 |       <div className="fixed inset-0 z-[10001] flex items-center justify-center bg-black/...
  1050 |         <div className="bg-white rounded-2xl shadow-2xl w-full max-w-2xl max-h-[90vh] ov...

Parsing ecmascript source code failed

Import traces:
  Client Component Browser:
    ./app/admin/page.tsx [Client Component Browser]
    ./app/admin/page.tsx [Server Component]

  Client Component SSR:
    ./app/admin/page.tsx [Client Component SSR]
    ./app/admin/page.tsx [Server Component] @ http://localhost:3000/_next/static/chunks/1-hf_next_dist_0rj6-9x._.js:1052
[ 1796079ms] [LOG] [Fast Refresh] rebuilding @ http://localhost:3000/_next/static/chunks/1-hf_next_dist_0rj6-9x._.js:776
[ 1797317ms] [ERROR] ./app/admin/page.tsx:1047:5
Error: Expected ',', got '{'
  1045 |     </div>
  1046 |
> 1047 |     {/* ── 상품 편집 모달 ── */}
       |     ^
  1048 |     {prodModal.open && (
  1049 |       <div className="fixed inset-0 z-[10001] flex items-center justify-center bg-black/...
  1050 |         <div className="bg-white rounded-2xl shadow-2xl w-full max-w-2xl max-h-[90vh] ov...

Parsing ecmascript source code failed

Import traces:
  Client Component Browser:
    ./app/admin/page.tsx [Client Component Browser]
    ./app/admin/page.tsx [Server Component]

  Client Component SSR:
    ./app/admin/page.tsx [Client Component SSR]
    ./app/admin/page.tsx [Server Component] @ http://localhost:3000/_next/static/chunks/1-hf_next_dist_0rj6-9x._.js:1052
[ 1803541ms] [ERROR] ./app/admin/page.tsx:1047:5
Error: Expected ',', got '{'
  1045 |     </div>
  1046 |
> 1047 |     {/* ── 상품 편집 모달 ── */}
       |     ^
  1048 |     {prodModal.open && (
  1049 |       <div className="fixed inset-0 z-[10001] flex items-center justify-center bg-black/...
  1050 |         <div className="bg-white rounded-2xl shadow-2xl w-full max-w-2xl max-h-[90vh] ov...

Parsing ecmascript source code failed

Import traces:
  Client Component Browser:
    ./app/admin/page.tsx [Client Component Browser]
    ./app/admin/page.tsx [Server Component]

  Client Component SSR:
    ./app/admin/page.tsx [Client Component SSR]
    ./app/admin/page.tsx [Server Component] @ http://localhost:3000/_next/static/chunks/1-hf_next_dist_0rj6-9x._.js:1052
[ 1803648ms] [ERROR] ./app/admin/page.tsx:1047:5
Error: Expected ',', got '{'
  1045 |     </div>
  1046 |
> 1047 |     {/* ── 상품 편집 모달 ── */}
       |     ^
  1048 |     {prodModal.open && (
  1049 |       <div className="fixed inset-0 z-[10001] flex items-center justify-center bg-black/...
  1050 |         <div className="bg-white rounded-2xl shadow-2xl w-full max-w-2xl max-h-[90vh] ov...

Parsing ecmascript source code failed

Import traces:
  Client Component Browser:
    ./app/admin/page.tsx [Client Component Browser]
    ./app/admin/page.tsx [Server Component]

  Client Component SSR:
    ./app/admin/page.tsx [Client Component SSR]
    ./app/admin/page.tsx [Server Component] @ http://localhost:3000/_next/static/chunks/1-hf_next_dist_0rj6-9x._.js:1052
[ 1804611ms] [ERROR] ./app/admin/page.tsx:1047:5
Error: Expected ',', got '{'
  1045 |     </div>
  1046 |
> 1047 |     {/* ── 상품 편집 모달 ── */}
       |     ^
  1048 |     {prodModal.open && (
  1049 |       <div className="fixed inset-0 z-[10001] flex items-center justify-center bg-black/...
  1050 |         <div className="bg-white rounded-2xl shadow-2xl w-full max-w-2xl max-h-[90vh] ov...

Parsing ecmascript source code failed

Import traces:
  Client Component Browser:
    ./app/admin/page.tsx [Client Component Browser]
    ./app/admin/page.tsx [Server Component]

  Client Component SSR:
    ./app/admin/page.tsx [Client Component SSR]
    ./app/admin/page.tsx [Server Component] @ http://localhost:3000/_next/static/chunks/1-hf_next_dist_0rj6-9x._.js:1052
[ 1804708ms] [ERROR] ./app/admin/page.tsx:1047:5
Error: Expected ',', got '{'
  1045 |     </div>
  1046 |
> 1047 |     {/* ── 상품 편집 모달 ── */}
       |     ^
  1048 |     {prodModal.open && (
  1049 |       <div className="fixed inset-0 z-[10001] flex items-center justify-center bg-black/...
  1050 |         <div className="bg-white rounded-2xl shadow-2xl w-full max-w-2xl max-h-[90vh] ov...

Parsing ecmascript source code failed

Import traces:
  Client Component Browser:
    ./app/admin/page.tsx [Client Component Browser]
    ./app/admin/page.tsx [Server Component]

  Client Component SSR:
    ./app/admin/page.tsx [Client Component SSR]
    ./app/admin/page.tsx [Server Component] @ http://localhost:3000/_next/static/chunks/1-hf_next_dist_0rj6-9x._.js:1052
[ 1805314ms] [ERROR] ./app/admin/page.tsx:1047:5
Error: Expected ',', got '{'
  1045 |     </div>
  1046 |
> 1047 |     {/* ── 상품 편집 모달 ── */}
       |     ^
  1048 |     {prodModal.open && (
  1049 |       <div className="fixed inset-0 z-[10001] flex items-center justify-center bg-black/...
  1050 |         <div className="bg-white rounded-2xl shadow-2xl w-full max-w-2xl max-h-[90vh] ov...

Parsing ecmascript source code failed

Import traces:
  Client Component Browser:
    ./app/admin/page.tsx [Client Component Browser]
    ./app/admin/page.tsx [Server Component]

  Client Component SSR:
    ./app/admin/page.tsx [Client Component SSR]
    ./app/admin/page.tsx [Server Component] @ http://localhost:3000/_next/static/chunks/1-hf_next_dist_0rj6-9x._.js:1052
[ 1805427ms] [ERROR] ./app/admin/page.tsx:1047:5
Error: Expected ',', got '{'
  1045 |     </div>
  1046 |
> 1047 |     {/* ── 상품 편집 모달 ── */}
       |     ^
  1048 |     {prodModal.open && (
  1049 |       <div className="fixed inset-0 z-[10001] flex items-center justify-center bg-black/...
  1050 |         <div className="bg-white rounded-2xl shadow-2xl w-full max-w-2xl max-h-[90vh] ov...

Parsing ecmascript source code failed

Import traces:
  Client Component Browser:
    ./app/admin/page.tsx [Client Component Browser]
    ./app/admin/page.tsx [Server Component]

  Client Component SSR:
    ./app/admin/page.tsx [Client Component SSR]
    ./app/admin/page.tsx [Server Component] @ http://localhost:3000/_next/static/chunks/1-hf_next_dist_0rj6-9x._.js:1052
