[     674ms] [INFO] %cDownload the React DevTools for a better development experience: https://react.dev/link/react-devtools font-weight:bold @ http://localhost:3000/_next/static/chunks/1-hf_next_dist_0rj6-9x._.js:776
[     696ms] [LOG] [HMR] connected @ http://localhost:3000/_next/static/chunks/1-hf_next_dist_0rj6-9x._.js:776
[    3313ms] [LOG] [Fast Refresh] rebuilding @ http://localhost:3000/_next/static/chunks/1-hf_next_dist_0rj6-9x._.js:776
[    3822ms] [LOG] [Fast Refresh] done in 618ms @ http://localhost:3000/_next/static/chunks/1-hf_next_dist_0rj6-9x._.js:776
[   80526ms] [LOG] [Fast Refresh] rebuilding @ http://localhost:3000/_next/static/chunks/1-hf_next_dist_0rj6-9x._.js:776
[   80584ms] [LOG] [Fast Refresh] done in 71ms @ http://localhost:3000/_next/static/chunks/1-hf_next_dist_0rj6-9x._.js:776
[   80632ms] [LOG] [Fast Refresh] done in 71ms @ http://localhost:3000/_next/static/chunks/1-hf_next_dist_0rj6-9x._.js:776
[  193653ms] [LOG] [Fast Refresh] done in 71ms @ http://localhost:3000/_next/static/chunks/1-hf_next_dist_0rj6-9x._.js:776
[  194030ms] [LOG] [Fast Refresh] done in 71ms @ http://localhost:3000/_next/static/chunks/1-hf_next_dist_0rj6-9x._.js:776
[  198218ms] [LOG] [Fast Refresh] done in 71ms @ http://localhost:3000/_next/static/chunks/1-hf_next_dist_0rj6-9x._.js:776
[  201079ms] [LOG] [Fast Refresh] done in 71ms @ http://localhost:3000/_next/static/chunks/1-hf_next_dist_0rj6-9x._.js:776
[  205655ms] [LOG] [Fast Refresh] done in 71ms @ http://localhost:3000/_next/static/chunks/1-hf_next_dist_0rj6-9x._.js:776
[  220916ms] [LOG] [Fast Refresh] done in 71ms @ http://localhost:3000/_next/static/chunks/1-hf_next_dist_0rj6-9x._.js:776
[  263026ms] [LOG] [Fast Refresh] rebuilding @ http://localhost:3000/_next/static/chunks/1-hf_next_dist_0rj6-9x._.js:776
[  263647ms] [LOG] [Fast Refresh] done in 729ms @ http://localhost:3000/_next/static/chunks/1-hf_next_dist_0rj6-9x._.js:776
[  315426ms] [LOG] [Fast Refresh] rebuilding @ http://localhost:3000/_next/static/chunks/1-hf_next_dist_0rj6-9x._.js:776
[  315574ms] [LOG] [Fast Refresh] done in 190ms @ http://localhost:3000/_next/static/chunks/1-hf_next_dist_0rj6-9x._.js:776
[  320072ms] [LOG] [Fast Refresh] rebuilding @ http://localhost:3000/_next/static/chunks/1-hf_next_dist_0rj6-9x._.js:776
[  320219ms] [LOG] [Fast Refresh] done in 7ms @ http://localhost:3000/_next/static/chunks/1-hf_next_dist_0rj6-9x._.js:776
[  323888ms] [ERROR] ./app/checkout/page.tsx:164:1
Error: Unexpected token. Did you mean `{'}'}` or `&rbrace;`?
  162 |     </div>
  163 |   );
> 164 | }
      | ^
  165 |

Parsing ecmascript source code failed

Import traces:
  Client Component Browser:
    ./app/checkout/page.tsx [Client Component Browser]
    ./app/checkout/page.tsx [Server Component]

  Client Component SSR:
    ./app/checkout/page.tsx [Client Component SSR]
    ./app/checkout/page.tsx [Server Component] @ http://localhost:3000/_next/static/chunks/1-hf_next_dist_0rj6-9x._.js:1052
[  323921ms] [LOG] [Fast Refresh] rebuilding @ http://localhost:3000/_next/static/chunks/1-hf_next_dist_0rj6-9x._.js:776
[  324020ms] [ERROR] ./app/checkout/page.tsx:164:1
Error: Unexpected token. Did you mean `{'}'}` or `&rbrace;`?
  162 |     </div>
  163 |   );
> 164 | }
      | ^
  165 |

Parsing ecmascript source code failed

Import traces:
  Client Component Browser:
    ./app/checkout/page.tsx [Client Component Browser]
    ./app/checkout/page.tsx [Server Component]

  Client Component SSR:
    ./app/checkout/page.tsx [Client Component SSR]
    ./app/checkout/page.tsx [Server Component] @ http://localhost:3000/_next/static/chunks/1-hf_next_dist_0rj6-9x._.js:1052
[  324804ms] [ERROR] ./app/checkout/page.tsx:164:1
Error: Unexpected token. Did you mean `{'}'}` or `&rbrace;`?
  162 |     </div>
  163 |   );
> 164 | }
      | ^
  165 |

Parsing ecmascript source code failed

Import traces:
  Client Component Browser:
    ./app/checkout/page.tsx [Client Component Browser]
    ./app/checkout/page.tsx [Server Component]

  Client Component SSR:
    ./app/checkout/page.tsx [Client Component SSR]
    ./app/checkout/page.tsx [Server Component] @ http://localhost:3000/_next/static/chunks/1-hf_next_dist_0rj6-9x._.js:1052
[  325049ms] [LOG] [Fast Refresh] rebuilding @ http://localhost:3000/_next/static/chunks/1-hf_next_dist_0rj6-9x._.js:776
[  326018ms] [ERROR] ./app/checkout/page.tsx:164:1
Error: Unexpected token. Did you mean `{'}'}` or `&rbrace;`?
  162 |     </div>
  163 |   );
> 164 | }
      | ^
  165 |

Parsing ecmascript source code failed

Import traces:
  Client Component Browser:
    ./app/checkout/page.tsx [Client Component Browser]
    ./app/checkout/page.tsx [Server Component]

  Client Component SSR:
    ./app/checkout/page.tsx [Client Component SSR]
    ./app/checkout/page.tsx [Server Component] @ http://localhost:3000/_next/static/chunks/1-hf_next_dist_0rj6-9x._.js:1052
[  326145ms] [ERROR] ./app/checkout/page.tsx:164:1
Error: Unexpected token. Did you mean `{'}'}` or `&rbrace;`?
  162 |     </div>
  163 |   );
> 164 | }
      | ^
  165 |

Parsing ecmascript source code failed

Import traces:
  Client Component Browser:
    ./app/checkout/page.tsx [Client Component Browser]
    ./app/checkout/page.tsx [Server Component]

  Client Component SSR:
    ./app/checkout/page.tsx [Client Component SSR]
    ./app/checkout/page.tsx [Server Component] @ http://localhost:3000/_next/static/chunks/1-hf_next_dist_0rj6-9x._.js:1052
[  326234ms] [LOG] [Fast Refresh] rebuilding @ http://localhost:3000/_next/static/chunks/1-hf_next_dist_0rj6-9x._.js:776
[  326365ms] [LOG] [Fast Refresh] rebuilding @ http://localhost:3000/_next/static/chunks/1-hf_next_dist_0rj6-9x._.js:776
[  328124ms] [ERROR] ./app/checkout/page.tsx:164:1
Error: Unexpected token. Did you mean `{'}'}` or `&rbrace;`?
  162 |     </div>
  163 |   );
> 164 | }
      | ^
  165 |

Parsing ecmascript source code failed

Import traces:
  Client Component Browser:
    ./app/checkout/page.tsx [Client Component Browser]
    ./app/checkout/page.tsx [Server Component]

  Client Component SSR:
    ./app/checkout/page.tsx [Client Component SSR]
    ./app/checkout/page.tsx [Server Component] @ http://localhost:3000/_next/static/chunks/1-hf_next_dist_0rj6-9x._.js:1052
[  328559ms] [ERROR] ./app/checkout/page.tsx:164:1
Error: Unexpected token. Did you mean `{'}'}` or `&rbrace;`?
  162 |     </div>
  163 |   );
> 164 | }
      | ^
  165 |

Parsing ecmascript source code failed

Import traces:
  Client Component Browser:
    ./app/checkout/page.tsx [Client Component Browser]
    ./app/checkout/page.tsx [Server Component]

  Client Component SSR:
    ./app/checkout/page.tsx [Client Component SSR]
    ./app/checkout/page.tsx [Server Component] @ http://localhost:3000/_next/static/chunks/1-hf_next_dist_0rj6-9x._.js:1052
[  328574ms] [ERROR] ./app/checkout/page.tsx:164:1
Error: Unexpected token. Did you mean `{'}'}` or `&rbrace;`?
  162 |     </div>
  163 |   );
> 164 | }
      | ^
  165 |

Parsing ecmascript source code failed

Import traces:
  Client Component Browser:
    ./app/checkout/page.tsx [Client Component Browser]
    ./app/checkout/page.tsx [Server Component]

  Client Component SSR:
    ./app/checkout/page.tsx [Client Component SSR]
    ./app/checkout/page.tsx [Server Component] @ http://localhost:3000/_next/static/chunks/1-hf_next_dist_0rj6-9x._.js:1052
[  332455ms] [ERROR] ./app/checkout/page.tsx:164:1
Error: Unexpected token. Did you mean `{'}'}` or `&rbrace;`?
  162 |     </div>
  163 |   );
> 164 | }
      | ^
  165 |

Parsing ecmascript source code failed

Import traces:
  Client Component Browser:
    ./app/checkout/page.tsx [Client Component Browser]
    ./app/checkout/page.tsx [Server Component]

  Client Component SSR:
    ./app/checkout/page.tsx [Client Component SSR]
    ./app/checkout/page.tsx [Server Component] @ http://localhost:3000/_next/static/chunks/1-hf_next_dist_0rj6-9x._.js:1052
[  332604ms] [ERROR] ./app/checkout/page.tsx:177:1
Error: Unexpected token. Did you mean `{'}'}` or `&rbrace;`?
  175 |     </div>
  176 |   );
> 177 | }
      | ^
  178 |

Parsing ecmascript source code failed

Import traces:
  Client Component Browser:
    ./app/checkout/page.tsx [Client Component Browser]
    ./app/checkout/page.tsx [Server Component]

  Client Component SSR:
    ./app/checkout/page.tsx [Client Component SSR]
    ./app/checkout/page.tsx [Server Component] @ http://localhost:3000/_next/static/chunks/1-hf_next_dist_0rj6-9x._.js:1052
[  332665ms] [LOG] [Fast Refresh] rebuilding @ http://localhost:3000/_next/static/chunks/1-hf_next_dist_0rj6-9x._.js:776
[  336720ms] [LOG] [Fast Refresh] rebuilding @ http://localhost:3000/_next/static/chunks/1-hf_next_dist_0rj6-9x._.js:776
[  336825ms] [LOG] [Fast Refresh] done in 115ms @ http://localhost:3000/_next/static/chunks/1-hf_next_dist_0rj6-9x._.js:776
