[     535ms] [INFO] %cDownload the React DevTools for a better development experience: https://react.dev/link/react-devtools font-weight:bold @ http://localhost:3000/_next/static/chunks/1-hf_next_dist_0rj6-9x._.js:776
[     560ms] [LOG] [HMR] connected @ http://localhost:3000/_next/static/chunks/1-hf_next_dist_0rj6-9x._.js:776
[  230076ms] [LOG] [Fast Refresh] rebuilding @ http://localhost:3000/_next/static/chunks/1-hf_next_dist_0rj6-9x._.js:776
[  230212ms] [LOG] [Fast Refresh] done in 203ms @ http://localhost:3000/_next/static/chunks/1-hf_next_dist_0rj6-9x._.js:776
[  230347ms] ReferenceError: openCart is not defined
    at Navbar (http://localhost:3000/_next/static/chunks/_0nnez4p._.js?id=%255Bproject%255D/components/layout/Navbar.tsx+%255Bapp-client%255D+(ecmascript):412:46)
    at Object.react_stack_bottom_frame (http://localhost:3000/_next/static/chunks/1-hf_next_dist_compiled_react-dom_1s631p7._.js:14894:24)
    at renderWithHooks (http://localhost:3000/_next/static/chunks/1-hf_next_dist_compiled_react-dom_1s631p7._.js:4425:24)
    at updateFunctionComponent (http://localhost:3000/_next/static/chunks/1-hf_next_dist_compiled_react-dom_1s631p7._.js:5892:21)
    at beginWork (http://localhost:3000/_next/static/chunks/1-hf_next_dist_compiled_react-dom_1s631p7._.js:6493:540)
    at runWithFiberInDEV (http://localhost:3000/_next/static/chunks/1-hf_next_dist_compiled_react-dom_1s631p7._.js:761:74)
    at performUnitOfWork (http://localhost:3000/_next/static/chunks/1-hf_next_dist_compiled_react-dom_1s631p7._.js:9385:97)
    at workLoopSync (http://localhost:3000/_next/static/chunks/1-hf_next_dist_compiled_react-dom_1s631p7._.js:9279:40)
    at renderRootSync (http://localhost:3000/_next/static/chunks/1-hf_next_dist_compiled_react-dom_1s631p7._.js:9263:13)
    at performWorkOnRoot (http://localhost:3000/_next/static/chunks/1-hf_next_dist_compiled_react-dom_1s631p7._.js:8928:47)
    at performSyncWorkOnRoot (http://localhost:3000/_next/static/chunks/1-hf_next_dist_compiled_react-dom_1s631p7._.js:10093:9)
    at flushSyncWorkAcrossRoots_impl (http://localhost:3000/_next/static/chunks/1-hf_next_dist_compiled_react-dom_1s631p7._.js:10009:316)
    at processRootScheduleInMicrotask (http://localhost:3000/_next/static/chunks/1-hf_next_dist_compiled_react-dom_1s631p7._.js:10030:106)
    at http://localhost:3000/_next/static/chunks/1-hf_next_dist_compiled_react-dom_1s631p7._.js:10104:158
[  230427ms] [LOG] [Fast Refresh] done in 203ms @ http://localhost:3000/_next/static/chunks/1-hf_next_dist_0rj6-9x._.js:776
[  230483ms] [LOG] [Fast Refresh] done in 203ms @ http://localhost:3000/_next/static/chunks/1-hf_next_dist_0rj6-9x._.js:776
[  230666ms] [LOG] [Fast Refresh] done in 203ms @ http://localhost:3000/_next/static/chunks/1-hf_next_dist_0rj6-9x._.js:776
[  235360ms] [LOG] [Fast Refresh] rebuilding @ http://localhost:3000/_next/static/chunks/1-hf_next_dist_0rj6-9x._.js:776
[  235371ms] [WARNING] [Fast Refresh] performing full reload because your application had an unrecoverable error @ http://localhost:3000/_next/static/chunks/1-hf_next_dist_0rj6-9x._.js:776
[  235381ms] [ERROR] Encountered a script tag while rendering React component. Scripts inside React components are never executed when rendering on the client. Consider using template tag instead (https://developer.mozilla.org/en-US/docs/Web/HTML/Element/template). @ http://localhost:3000/_next/static/chunks/1-hf_next_dist_0rj6-9x._.js:1052
[  236353ms] [LOG] [Fast Refresh] done in 33ms @ http://localhost:3000/_next/static/chunks/1-hf_next_dist_0rj6-9x._.js:776
[  237353ms] [INFO] %cDownload the React DevTools for a better development experience: https://react.dev/link/react-devtools font-weight:bold @ http://localhost:3000/_next/static/chunks/1-hf_next_dist_0rj6-9x._.js:776
[  237395ms] [LOG] [HMR] connected @ http://localhost:3000/_next/static/chunks/1-hf_next_dist_0rj6-9x._.js:776
[  255636ms] [LOG] [Fast Refresh] rebuilding @ http://localhost:3000/_next/static/chunks/1-hf_next_dist_0rj6-9x._.js:776
[  256433ms] [LOG] [Fast Refresh] done in 892ms @ http://localhost:3000/_next/static/chunks/1-hf_next_dist_0rj6-9x._.js:776
[  256532ms] [LOG] [Fast Refresh] done in 892ms @ http://localhost:3000/_next/static/chunks/1-hf_next_dist_0rj6-9x._.js:776
[  256842ms] ReferenceError: CartSheet is not defined
    at RootLayout (about://React/Server/file:///C:/Users/USER/.antigravity-ide/pilmart-next/.next/dev/server/chunks/ssr/%255Broot-of-the-server%255D__04u-cwg._.js?id=%255Bproject%255D/app/layout.tsx+%255Bapp-rsc%255D+(ecmascript)?41:50:388)
    at resolveErrorDev (http://localhost:3000/_next/static/chunks/1-hf_next_dist_compiled_react-server-dom-turbopack_0r9woc9._.js:1937:105)
    at processFullStringRow (http://localhost:3000/_next/static/chunks/1-hf_next_dist_compiled_react-server-dom-turbopack_0r9woc9._.js:2456:29)
    at processFullBinaryRow (http://localhost:3000/_next/static/chunks/1-hf_next_dist_compiled_react-server-dom-turbopack_0r9woc9._.js:2415:9)
    at processBinaryChunk (http://localhost:3000/_next/static/chunks/1-hf_next_dist_compiled_react-server-dom-turbopack_0r9woc9._.js:2524:221)
    at progress (http://localhost:3000/_next/static/chunks/1-hf_next_dist_compiled_react-server-dom-turbopack_0r9woc9._.js:2711:13)
[  257821ms] [LOG] [Fast Refresh] rebuilding @ http://localhost:3000/_next/static/chunks/1-hf_next_dist_0rj6-9x._.js:776
[  257939ms] [LOG] [Fast Refresh] done in 11ms @ http://localhost:3000/_next/static/chunks/1-hf_next_dist_0rj6-9x._.js:776
[  258805ms] [INFO] %cDownload the React DevTools for a better development experience: https://react.dev/link/react-devtools font-weight:bold @ http://localhost:3000/_next/static/chunks/1-hf_next_dist_0rj6-9x._.js:776
[  258849ms] [LOG] [HMR] connected @ http://localhost:3000/_next/static/chunks/1-hf_next_dist_0rj6-9x._.js:776
[  263052ms] [LOG] [Fast Refresh] rebuilding @ http://localhost:3000/_next/static/chunks/1-hf_next_dist_0rj6-9x._.js:776
[  263068ms] [WARNING] [Fast Refresh] performing full reload

Fast Refresh will perform a full reload when you edit a file that's imported by modules outside of the React rendering tree.
You might have a file which exports a React component but also exports a value that is imported by a non-React component file.
Consider migrating the non-React component export to a separate file and importing it into both files.

It is also possible the parent component of the component you edited is a class component, which disables Fast Refresh.
Fast Refresh requires at least one parent function component in your React tree. @ http://localhost:3000/_next/static/chunks/1-hf_next_dist_0rj6-9x._.js:776
[  263134ms] [LOG] [Fast Refresh] done in 112ms @ http://localhost:3000/_next/static/chunks/1-hf_next_dist_0rj6-9x._.js:776
[  263245ms] [LOG] [Fast Refresh] done in 112ms @ http://localhost:3000/_next/static/chunks/1-hf_next_dist_0rj6-9x._.js:776
[  263960ms] [INFO] %cDownload the React DevTools for a better development experience: https://react.dev/link/react-devtools font-weight:bold @ http://localhost:3000/_next/static/chunks/1-hf_next_dist_0rj6-9x._.js:776
[  263994ms] [LOG] [HMR] connected @ http://localhost:3000/_next/static/chunks/1-hf_next_dist_0rj6-9x._.js:776
[  265981ms] [LOG] [Fast Refresh] rebuilding @ http://localhost:3000/_next/static/chunks/1-hf_next_dist_0rj6-9x._.js:776
[  266009ms] [WARNING] [Fast Refresh] performing full reload

Fast Refresh will perform a full reload when you edit a file that's imported by modules outside of the React rendering tree.
You might have a file which exports a React component but also exports a value that is imported by a non-React component file.
Consider migrating the non-React component export to a separate file and importing it into both files.

It is also possible the parent component of the component you edited is a class component, which disables Fast Refresh.
Fast Refresh requires at least one parent function component in your React tree. @ http://localhost:3000/_next/static/chunks/1-hf_next_dist_0rj6-9x._.js:776
[  266082ms] [LOG] [Fast Refresh] done in 86ms @ http://localhost:3000/_next/static/chunks/1-hf_next_dist_0rj6-9x._.js:776
[  266502ms] [ERROR] Failed to load resource: the server responded with a status of 500 (Internal Server Error) @ http://localhost:3000/:0
[  266568ms] [INFO] %cDownload the React DevTools for a better development experience: https://react.dev/link/react-devtools font-weight:bold @ http://localhost:3000/_next/static/chunks/1-hf_next_dist_0rj6-9x._.js:776
[  266593ms] [LOG] [HMR] connected @ http://localhost:3000/_next/static/chunks/1-hf_next_dist_0rj6-9x._.js:776
[  266632ms] [ERROR] Encountered a script tag while rendering React component. Scripts inside React components are never executed when rendering on the client. Consider using template tag instead (https://developer.mozilla.org/en-US/docs/Web/HTML/Element/template). @ http://localhost:3000/_next/static/chunks/1-hf_next_dist_0rj6-9x._.js:1052
[  266654ms] ReferenceError: isOpen is not defined
    at CartProvider (http://localhost:3000/_next/static/chunks/_0_h-s_k._.js:918:13)
    at Object.react_stack_bottom_frame (http://localhost:3000/_next/static/chunks/1-hf_next_dist_compiled_react-dom_1s631p7._.js:14894:24)
    at renderWithHooks (http://localhost:3000/_next/static/chunks/1-hf_next_dist_compiled_react-dom_1s631p7._.js:4425:24)
    at updateFunctionComponent (http://localhost:3000/_next/static/chunks/1-hf_next_dist_compiled_react-dom_1s631p7._.js:5892:21)
    at beginWork (http://localhost:3000/_next/static/chunks/1-hf_next_dist_compiled_react-dom_1s631p7._.js:6518:24)
    at runWithFiberInDEV (http://localhost:3000/_next/static/chunks/1-hf_next_dist_compiled_react-dom_1s631p7._.js:761:74)
    at performUnitOfWork (http://localhost:3000/_next/static/chunks/1-hf_next_dist_compiled_react-dom_1s631p7._.js:9385:97)
    at workLoopSync (http://localhost:3000/_next/static/chunks/1-hf_next_dist_compiled_react-dom_1s631p7._.js:9279:40)
    at renderRootSync (http://localhost:3000/_next/static/chunks/1-hf_next_dist_compiled_react-dom_1s631p7._.js:9263:13)
    at performWorkOnRoot (http://localhost:3000/_next/static/chunks/1-hf_next_dist_compiled_react-dom_1s631p7._.js:8928:47)
    at performWorkOnRootViaSchedulerTask (http://localhost:3000/_next/static/chunks/1-hf_next_dist_compiled_react-dom_1s631p7._.js:10085:9)
    at MessagePort.performWorkUntilDeadline (http://localhost:3000/_next/static/chunks/1-hf_next_dist_compiled_180q5_t._.js:2647:64)
[  269570ms] [ERROR] Failed to load resource: the server responded with a status of 500 (Internal Server Error) @ http://localhost:3000/:0
[  269655ms] [INFO] %cDownload the React DevTools for a better development experience: https://react.dev/link/react-devtools font-weight:bold @ http://localhost:3000/_next/static/chunks/1-hf_next_dist_0rj6-9x._.js:776
[  269695ms] [LOG] [HMR] connected @ http://localhost:3000/_next/static/chunks/1-hf_next_dist_0rj6-9x._.js:776
[  269809ms] [ERROR] Encountered a script tag while rendering React component. Scripts inside React components are never executed when rendering on the client. Consider using template tag instead (https://developer.mozilla.org/en-US/docs/Web/HTML/Element/template). @ http://localhost:3000/_next/static/chunks/1-hf_next_dist_0rj6-9x._.js:1052
[  269828ms] ReferenceError: isOpen is not defined
    at CartProvider (http://localhost:3000/_next/static/chunks/_0_h-s_k._.js:917:13)
    at Object.react_stack_bottom_frame (http://localhost:3000/_next/static/chunks/1-hf_next_dist_compiled_react-dom_1s631p7._.js:14894:24)
    at renderWithHooks (http://localhost:3000/_next/static/chunks/1-hf_next_dist_compiled_react-dom_1s631p7._.js:4425:24)
    at updateFunctionComponent (http://localhost:3000/_next/static/chunks/1-hf_next_dist_compiled_react-dom_1s631p7._.js:5892:21)
    at beginWork (http://localhost:3000/_next/static/chunks/1-hf_next_dist_compiled_react-dom_1s631p7._.js:6518:24)
    at runWithFiberInDEV (http://localhost:3000/_next/static/chunks/1-hf_next_dist_compiled_react-dom_1s631p7._.js:761:74)
    at performUnitOfWork (http://localhost:3000/_next/static/chunks/1-hf_next_dist_compiled_react-dom_1s631p7._.js:9385:97)
    at workLoopSync (http://localhost:3000/_next/static/chunks/1-hf_next_dist_compiled_react-dom_1s631p7._.js:9279:40)
    at renderRootSync (http://localhost:3000/_next/static/chunks/1-hf_next_dist_compiled_react-dom_1s631p7._.js:9263:13)
    at performWorkOnRoot (http://localhost:3000/_next/static/chunks/1-hf_next_dist_compiled_react-dom_1s631p7._.js:8928:47)
    at performWorkOnRootViaSchedulerTask (http://localhost:3000/_next/static/chunks/1-hf_next_dist_compiled_react-dom_1s631p7._.js:10085:9)
    at MessagePort.performWorkUntilDeadline (http://localhost:3000/_next/static/chunks/1-hf_next_dist_compiled_180q5_t._.js:2647:64)
[  272910ms] [LOG] [Fast Refresh] rebuilding @ http://localhost:3000/_next/static/chunks/1-hf_next_dist_0rj6-9x._.js:776
[  273148ms] [LOG] [Fast Refresh] done in 354ms @ http://localhost:3000/_next/static/chunks/1-hf_next_dist_0rj6-9x._.js:776
[  273598ms] [INFO] %cDownload the React DevTools for a better development experience: https://react.dev/link/react-devtools font-weight:bold @ http://localhost:3000/_next/static/chunks/1-hf_next_dist_0rj6-9x._.js:776
[  273627ms] [LOG] [HMR] connected @ http://localhost:3000/_next/static/chunks/1-hf_next_dist_0rj6-9x._.js:776
